Archive member included to satisfy reference by file (symbol)

D:\Documentos\TC2\TPL2\lib\libbibliotecaInfoII.a(DR_PLL.o)
                              ./src/fir_eq_ripp.o (InicializarPLL)
D:\Documentos\TC2\TPL2\lib\libbibliotecaInfoII.a(DR_gpio.o)
                              ./src/MyDR_DAC.o (SetMODE)
D:\Documentos\TC2\TPL2\lib\libbibliotecaInfoII.a(DR_pinsel.o)
                              ./src/MyDR_DAC.o (SetPINSEL)
c:/nxp/mcuxpressoide_11.6.1_8255/ide/plugins/com.nxp.mcuxpresso.tools.win32_11.6.1.202207200623/tools/bin/../lib/gcc/arm-none-eabi/10.3.1/../../../../arm-none-eabi/lib/thumb/v7-m/nofp\libcr_c.a(memset.o)
                              ./src/arm_fir_init_q31.o (memset)
c:/nxp/mcuxpressoide_11.6.1_8255/ide/plugins/com.nxp.mcuxpresso.tools.win32_11.6.1.202207200623/tools/bin/../lib/gcc/arm-none-eabi/10.3.1/../../../../arm-none-eabi/lib/thumb/v7-m/nofp\libcr_c.a(__weak__main.o)
                              ./src/cr_startup_lpc175x_6x.o (__main)
c:/nxp/mcuxpressoide_11.6.1_8255/ide/plugins/com.nxp.mcuxpresso.tools.win32_11.6.1.202207200623/tools/bin/../lib/gcc/arm-none-eabi/10.3.1/../../../../arm-none-eabi/lib/thumb/v7-m/nofp\libcr_c.a(log10.o)
                              ./src/math_helper.o (log10)
c:/nxp/mcuxpressoide_11.6.1_8255/ide/plugins/com.nxp.mcuxpresso.tools.win32_11.6.1.202207200623/tools/bin/../lib/gcc/arm-none-eabi/10.3.1/../../../../arm-none-eabi/lib/thumb/v7-m/nofp\libcr_c.a(log.o)
                              c:/nxp/mcuxpressoide_11.6.1_8255/ide/plugins/com.nxp.mcuxpresso.tools.win32_11.6.1.202207200623/tools/bin/../lib/gcc/arm-none-eabi/10.3.1/../../../../arm-none-eabi/lib/thumb/v7-m/nofp\libcr_c.a(log10.o) (log)
c:/nxp/mcuxpressoide_11.6.1_8255/ide/plugins/com.nxp.mcuxpresso.tools.win32_11.6.1.202207200623/tools/bin/../lib/gcc/arm-none-eabi/10.3.1/../../../../arm-none-eabi/lib/thumb/v7-m/nofp\libcr_c.a(errno.o)
                              c:/nxp/mcuxpressoide_11.6.1_8255/ide/plugins/com.nxp.mcuxpresso.tools.win32_11.6.1.202207200623/tools/bin/../lib/gcc/arm-none-eabi/10.3.1/../../../../arm-none-eabi/lib/thumb/v7-m/nofp\libcr_c.a(log.o) (errno)
c:/nxp/mcuxpressoide_11.6.1_8255/ide/plugins/com.nxp.mcuxpresso.tools.win32_11.6.1.202207200623/tools/bin/../lib/gcc/arm-none-eabi/10.3.1/../../../../arm-none-eabi/lib/thumb/v7-m/nofp\libcr_c.a(frexp.o)
                              c:/nxp/mcuxpressoide_11.6.1_8255/ide/plugins/com.nxp.mcuxpresso.tools.win32_11.6.1.202207200623/tools/bin/../lib/gcc/arm-none-eabi/10.3.1/../../../../arm-none-eabi/lib/thumb/v7-m/nofp\libcr_c.a(log.o) (frexp)
c:/nxp/mcuxpressoide_11.6.1_8255/ide/plugins/com.nxp.mcuxpresso.tools.win32_11.6.1.202207200623/tools/bin/../lib/gcc/arm-none-eabi/10.3.1/thumb/v7-m/nofp\libcr_eabihelpers.a(double.o)
                              ./src/math_helper.o (__aeabi_dmul)
c:/nxp/mcuxpressoide_11.6.1_8255/ide/plugins/com.nxp.mcuxpresso.tools.win32_11.6.1.202207200623/tools/bin/../lib/gcc/arm-none-eabi/10.3.1/thumb/v7-m/nofp\libcr_eabihelpers.a(float.o)
                              ./src/arm_float_to_q31.o (__aeabi_fmul)
c:/nxp/mcuxpressoide_11.6.1_8255/ide/plugins/com.nxp.mcuxpresso.tools.win32_11.6.1.202207200623/tools/bin/../lib/gcc/arm-none-eabi/10.3.1/thumb/v7-m/nofp\libcr_eabihelpers.a(memcpy.o)
                              c:/nxp/mcuxpressoide_11.6.1_8255/ide/plugins/com.nxp.mcuxpresso.tools.win32_11.6.1.202207200623/tools/bin/../lib/gcc/arm-none-eabi/10.3.1/../../../../arm-none-eabi/lib/thumb/v7-m/nofp\libcr_c.a(memset.o) (__aeabi_lowlevel_memset)

Discarded input sections

 .group         0x00000000        0xc ./src/DR_myPINSEL.o
 .group         0x00000000        0xc ./src/DR_myPINSEL.o
 .group         0x00000000        0xc ./src/DR_myPINSEL.o
 .text          0x00000000        0x0 ./src/DR_myPINSEL.o
 .data          0x00000000        0x0 ./src/DR_myPINSEL.o
 .bss           0x00000000        0x0 ./src/DR_myPINSEL.o
 .group         0x00000000        0xc ./src/MyDR_ADC.o
 .group         0x00000000        0xc ./src/MyDR_ADC.o
 .group         0x00000000        0xc ./src/MyDR_ADC.o
 .group         0x00000000        0xc ./src/MyDR_ADC.o
 .group         0x00000000        0xc ./src/MyDR_ADC.o
 .group         0x00000000        0xc ./src/MyDR_ADC.o
 .group         0x00000000        0xc ./src/MyDR_ADC.o
 .group         0x00000000        0xc ./src/MyDR_ADC.o
 .group         0x00000000        0xc ./src/MyDR_ADC.o
 .group         0x00000000        0xc ./src/MyDR_ADC.o
 .group         0x00000000        0xc ./src/MyDR_ADC.o
 .group         0x00000000        0xc ./src/MyDR_ADC.o
 .group         0x00000000        0xc ./src/MyDR_ADC.o
 .group         0x00000000        0xc ./src/MyDR_ADC.o
 .group         0x00000000        0xc ./src/MyDR_ADC.o
 .group         0x00000000        0xc ./src/MyDR_ADC.o
 .group         0x00000000        0xc ./src/MyDR_ADC.o
 .group         0x00000000        0xc ./src/MyDR_ADC.o
 .group         0x00000000        0xc ./src/MyDR_ADC.o
 .group         0x00000000        0xc ./src/MyDR_ADC.o
[...]
Memory Configuration

Name             Origin             Length             Attributes
MFlash512        0x00000000         0x00080000         xr
RamLoc32         0x10000000         0x00008000         xrw
RamAHB32         0x2007c000         0x00008000         xrw
*default*        0x00000000         0xffffffff

Linker script and memory map

LOAD ./src/DR_myPINSEL.o
LOAD ./src/MyDR_ADC.o
LOAD ./src/MyDR_DAC.o
LOAD ./src/arm_fir_data.o
LOAD ./src/arm_fir_init_q31.o
LOAD ./src/arm_fir_q31.o
LOAD ./src/arm_float_to_q31.o
LOAD ./src/arm_q31_to_float.o
LOAD ./src/cr_startup_lpc175x_6x.o
LOAD ./src/crp.o
LOAD ./src/fir_eq_ripp.o
LOAD ./src/math_helper.o
LOAD D:\Documentos\TC2\TPL2\lib\libbibliotecaInfoII.a
START GROUP
LOAD c:/nxp/mcuxpressoide_11.6.1_8255/ide/plugins/com.nxp.mcuxpresso.tools.win32_11.6.1.202207200623/tools/bin/../lib/gcc/arm-none-eabi/10.3.1/../../../../arm-none-eabi/lib/thumb/v7-m/nofp\libcr_c.a
LOAD c:/nxp/mcuxpressoide_11.6.1_8255/ide/plugins/com.nxp.mcuxpresso.tools.win32_11.6.1.202207200623/tools/bin/../lib/gcc/arm-none-eabi/10.3.1/thumb/v7-m/nofp\libcr_eabihelpers.a
LOAD c:/nxp/mcuxpressoide_11.6.1_8255/ide/plugins/com.nxp.mcuxpresso.tools.win32_11.6.1.202207200623/tools/bin/../lib/gcc/arm-none-eabi/10.3.1/thumb/v7-m/nofp\libgcc.a
END GROUP
                0x00000000                __base_MFlash512 = 0x0
                0x00000000                __base_Flash = 0x0
                0x00080000                __top_MFlash512 = 0x80000
                0x00080000                __top_Flash = 0x80000
                0x10000000                __base_RamLoc32 = 0x10000000
                0x10000000                __base_RAM = 0x10000000
                0x10008000                __top_RamLoc32 = 0x10008000
                0x10008000                __top_RAM = 0x10008000
                0x2007c000                __base_RamAHB32 = 0x2007c000
                0x2007c000                __base_RAM2 = 0x2007c000
                0x20084000                __top_RamAHB32 = 0x20084000
                0x20084000                __top_RAM2 = 0x20084000

.text           0x00000000      0xcb0
 FILL mask 0xff
                0x00000000                __vectors_start__ = ABSOLUTE (.)
 *(.isr_vector)
 .isr_vector    0x00000000       0xcc ./src/cr_startup_lpc175x_6x.o
                0x00000000                g_pfnVectors
                0x000000cc                . = ALIGN (0x4)
                0x000000cc                __section_table_start = .
                0x000000cc                __data_section_table = .
                0x000000cc        0x4 LONG 0xcb0 LOADADDR (.data)
                0x000000d0        0x4 LONG 0x10000000 ADDR (.data)
                0x000000d4        0x4 LONG 0x0 SIZEOF (.data)
                0x000000d8        0x4 LONG 0xcb0 LOADADDR (.data_RAM2)
                0x000000dc        0x4 LONG 0x2007c000 ADDR (.data_RAM2)
                0x000000e0        0x4 LONG 0x0 SIZEOF (.data_RAM2)
                0x000000e4                __data_section_table_end = .
                0x000000e4                __bss_section_table = .
                0x000000e4        0x4 LONG 0x10000000 ADDR (.bss)
                0x000000e8        0x4 LONG 0x114 SIZEOF (.bss)
                0x000000ec        0x4 LONG 0x2007c000 ADDR (.bss_RAM2)
                0x000000f0        0x4 LONG 0x0 SIZEOF (.bss_RAM2)
                0x000000f4                __bss_section_table_end = .
                0x000000f4                __section_table_end = .
 *(.after_vectors*)
 .after_vectors
                0x000000f4      0x12c ./src/cr_startup_lpc175x_6x.o
                0x000000f4                data_init
                0x00000138                bss_init
                0x00000170                ResetISR
                0x000001e4                NMI_Handler
                0x000001ea                HardFault_Handler
                0x000001f0                MemManage_Handler
                0x000001f6                BusFault_Handler
                0x000001fc                UsageFault_Handler
                0x00000202                SVC_Handler
                0x00000208                DebugMon_Handler
                0x0000020e                PendSV_Handler
                0x00000214                SysTick_Handler
                0x0000021a                EINT3_IRQHandler
                0x0000021a                CANActivity_IRQHandler
                0x0000021a                TIMER3_IRQHandler
                0x0000021a                UART0_IRQHandler
                0x0000021a                UART1_IRQHandler
                0x0000021a                EINT2_IRQHandler
                0x0000021a                USBActivity_IRQHandler
                0x0000021a                IntDefaultHandler
                0x0000021a                PLL0_IRQHandler
                0x0000021a                I2C0_IRQHandler
                0x0000021a                I2C1_IRQHandler
                0x0000021a                SSP0_IRQHandler
                0x0000021a                I2S_IRQHandler
                0x0000021a                I2C2_IRQHandler
                0x0000021a                RTC_IRQHandler
                0x0000021a                TIMER0_IRQHandler
                0x0000021a                SPI_IRQHandler
                0x0000021a                RIT_IRQHandler
                0x0000021a                EINT1_IRQHandler
                0x0000021a                TIMER1_IRQHandler
                0x0000021a                UART2_IRQHandler
                0x0000021a                SSP1_IRQHandler
                0x0000021a                USB_IRQHandler
                0x0000021a                BOD_IRQHandler
                0x0000021a                PLL1_IRQHandler
                0x0000021a                WDT_IRQHandler
                0x0000021a                PWM1_IRQHandler
                0x0000021a                QEI_IRQHandler
                0x0000021a                EINT0_IRQHandler
                0x0000021a                CAN_IRQHandler
                0x0000021a                DMA_IRQHandler
                0x0000021a                TIMER2_IRQHandler
                0x0000021a                UART3_IRQHandler
                0x0000021a                MCPWM_IRQHandler
                0x0000021a                ENET_IRQHandler
                0x000002fc                . = 0x2fc
 *fill*         0x00000220       0xdc ff
                0x000002fc                PROVIDE (__CRP_WORD_START__ = .)
 *(.crp)
 .crp           0x000002fc        0x4 ./src/crp.o
                0x000002fc                CRP_WORD
                0x00000300                PROVIDE (__CRP_WORD_END__ = .)
                0x00000001                ASSERT (! ((__CRP_WORD_START__ == __CRP_WORD_END__)), Linker CRP Enabled, but no CRP_WORD provided within application)
 *(.text*)
 .text.MySetPINSEL
                0x00000300      0x128 ./src/DR_myPINSEL.o
                0x00000300                MySetPINSEL
 .text.ADC_Init
                0x00000428       0x88 ./src/MyDR_ADC.o
                0x00000428                ADC_Init
 .text.ADC_IRQHandler
                0x000004b0       0x64 ./src/MyDR_ADC.o
                0x000004b0                ADC_IRQHandler
 .text.DAC_Init
                0x00000514       0x3c ./src/MyDR_DAC.o
                0x00000514                DAC_Init
 .text.DAC_SetValue
                0x00000550       0x28 ./src/MyDR_DAC.o
                0x00000550                DAC_SetValue
 .text.arm_fir_init_q31
                0x00000578       0x3e ./src/arm_fir_init_q31.o
                0x00000578                arm_fir_init_q31
 .text.arm_fir_q31
                0x000005b6      0x118 ./src/arm_fir_q31.o
                0x000005b6                arm_fir_q31
 .text.arm_float_to_q31
                0x000006ce       0x8a ./src/arm_float_to_q31.o
                0x000006ce                arm_float_to_q31
 .text.main     0x00000758       0x40 ./src/fir_eq_ripp.o
                0x00000758                main
 .text.InicializarPLL
                0x00000798      0x140 D:\Documentos\TC2\TPL2\lib\libbibliotecaInfoII.a(DR_PLL.o)
                0x00000798                InicializarPLL
 .text.SetMODE  0x000008d8       0xa0 D:\Documentos\TC2\TPL2\lib\libbibliotecaInfoII.a(DR_gpio.o)
                0x000008d8                SetMODE
 .text.SetPINSEL
                0x00000978       0x8a D:\Documentos\TC2\TPL2\lib\libbibliotecaInfoII.a(DR_pinsel.o)
                0x00000978                SetPINSEL
 .text.memset   0x00000a02        0x4 c:/nxp/mcuxpressoide_11.6.1_8255/ide/plugins/com.nxp.mcuxpresso.tools.win32_11.6.1.202207200623/tools/bin/../lib/gcc/arm-none-eabi/10.3.1/../../../../arm-none-eabi/lib/thumb/v7-m/nofp\libcr_c.a(memset.o)
                0x00000a02                memset
 .text.__weak_main
                0x00000a06        0x4 c:/nxp/mcuxpressoide_11.6.1_8255/ide/plugins/com.nxp.mcuxpresso.tools.win32_11.6.1.202207200623/tools/bin/../lib/gcc/arm-none-eabi/10.3.1/../../../../arm-none-eabi/lib/thumb/v7-m/nofp\libcr_c.a(__weak__main.o)
                0x00000a06                __weak_main
                0x00000a06                __main
 *fill*         0x00000a0a        0x2 ff
 .text.__aeabi_fmul
                0x00000a0c       0xac c:/nxp/mcuxpressoide_11.6.1_8255/ide/plugins/com.nxp.mcuxpresso.tools.win32_11.6.1.202207200623/tools/bin/../lib/gcc/arm-none-eabi/10.3.1/thumb/v7-m/nofp\libcr_eabihelpers.a(float.o)
                0x00000a0c                __aeabi_fmul
 .text.__aeabi_fdiv
                0x00000ab8       0xbc c:/nxp/mcuxpressoide_11.6.1_8255/ide/plugins/com.nxp.mcuxpresso.tools.win32_11.6.1.202207200623/tools/bin/../lib/gcc/arm-none-eabi/10.3.1/thumb/v7-m/nofp\libcr_eabihelpers.a(float.o)
                0x00000ab8                __aeabi_fdiv
 .text.__aeabi_f2lz
                0x00000b74       0x5c c:/nxp/mcuxpressoide_11.6.1_8255/ide/plugins/com.nxp.mcuxpresso.tools.win32_11.6.1.202207200623/tools/bin/../lib/gcc/arm-none-eabi/10.3.1/thumb/v7-m/nofp\libcr_eabihelpers.a(float.o)
                0x00000b74                __aeabi_f2lz
 .text.__bhs_ui2f
                0x00000bd0       0x26 c:/nxp/mcuxpressoide_11.6.1_8255/ide/plugins/com.nxp.mcuxpresso.tools.win32_11.6.1.202207200623/tools/bin/../lib/gcc/arm-none-eabi/10.3.1/thumb/v7-m/nofp\libcr_eabihelpers.a(float.o)
                0x00000bd0                __bhs_ui2f
 .text.__aeabi_ui2f
                0x00000bf6        0x8 c:/nxp/mcuxpressoide_11.6.1_8255/ide/plugins/com.nxp.mcuxpresso.tools.win32_11.6.1.202207200623/tools/bin/../lib/gcc/arm-none-eabi/10.3.1/thumb/v7-m/nofp\libcr_eabihelpers.a(float.o)
                0x00000bf6                __aeabi_ui2f
 .text.__aeabi_memset_lowlevel
                0x00000bfe       0x32 c:/nxp/mcuxpressoide_11.6.1_8255/ide/plugins/com.nxp.mcuxpresso.tools.win32_11.6.1.202207200623/tools/bin/../lib/gcc/arm-none-eabi/10.3.1/thumb/v7-m/nofp\libcr_eabihelpers.a(memcpy.o)
                0x00000bfe                __aeabi_lowlevel_memset
 *(.rodata .rodata.* .constdata .constdata.*)
 .rodata.firCoeffs32
                0x00000c30       0x80 ./src/fir_eq_ripp.o
                0x00000c30                firCoeffs32
                0x00000cb0                . = ALIGN (0x4)

.glue_7         0x00000cb0        0x0
 .glue_7        0x00000cb0        0x0 linker stubs

.glue_7t        0x00000cb0        0x0
 .glue_7t       0x00000cb0        0x0 linker stubs

.vfp11_veneer   0x00000cb0        0x0
 .vfp11_veneer  0x00000cb0        0x0 linker stubs

.v4_bx          0x00000cb0        0x0
 .v4_bx         0x00000cb0        0x0 linker stubs

.iplt           0x00000cb0        0x0
 .iplt          0x00000cb0        0x0 ./src/DR_myPINSEL.o

.rel.dyn        0x00000cb0        0x0
 .rel.iplt      0x00000cb0        0x0 ./src/DR_myPINSEL.o

.ARM.extab
 *(.ARM.extab* .gnu.linkonce.armextab.*)

.ARM.exidx      0x00000cb0        0x0
                0x00000cb0                __exidx_start = .
 *(.ARM.exidx* .gnu.linkonce.armexidx.*)
                0x00000cb0                __exidx_end = .
                0x00000cb0                _etext = .

.data_RAM2      0x2007c000        0x0 load address 0x00000cb0
 FILL mask 0xff
                [!provide]                PROVIDE (__start_data_RAM2 = .)
                [!provide]                PROVIDE (__start_data_RamAHB32 = .)
 *(.ramfunc.$RAM2)
 *(.ramfunc.$RamAHB32)
 *(.data.$RAM2)
 *(.data.$RamAHB32)
 *(.data.$RAM2.*)
 *(.data.$RamAHB32.*)
                0x2007c000                . = ALIGN (0x4)
                [!provide]                PROVIDE (__end_data_RAM2 = .)
                [!provide]                PROVIDE (__end_data_RamAHB32 = .)

.uninit_RESERVED
                0x10000000        0x0
                0x10000000                _start_uninit_RESERVED = .
 *(.bss.$RESERVED*)
                0x10000000                . = ALIGN (0x4)
                0x10000000                _end_uninit_RESERVED = .

.data           0x10000000        0x0 load address 0x00000cb0
 FILL mask 0xff
                0x10000000                _data = .
                [!provide]                PROVIDE (__start_data_RAM = .)
                [!provide]                PROVIDE (__start_data_RamLoc32 = .)
 *(vtable)
 *(.ramfunc*)
 *(CodeQuickAccess)
 *(DataQuickAccess)
 *(RamFunction)
 *(.data*)
                0x10000000                . = ALIGN (0x4)
                0x10000000                _edata = .
                [!provide]                PROVIDE (__end_data_RAM = .)
                [!provide]                PROVIDE (__end_data_RamLoc32 = .)

.igot.plt       0x10000000        0x0 load address 0x00000cb0
 .igot.plt      0x10000000        0x0 ./src/DR_myPINSEL.o

.bss_RAM2       0x2007c000        0x0
                [!provide]                PROVIDE (__start_bss_RAM2 = .)
                [!provide]                PROVIDE (__start_bss_RamAHB32 = .)
 *(.bss.$RAM2)
 *(.bss.$RamAHB32)
 *(.bss.$RAM2.*)
 *(.bss.$RamAHB32.*)
                0x2007c000                . = ALIGN ((. != 0x0)?0x4:0x1)
                [!provide]                PROVIDE (__end_bss_RAM2 = .)
                [!provide]                PROVIDE (__end_bss_RamAHB32 = .)

.bss            0x10000000      0x114
                0x10000000                _bss = .
                [!provide]                PROVIDE (__start_bss_RAM = .)
                [!provide]                PROVIDE (__start_bss_RamLoc32 = .)
 *(.bss*)
 .bss.firStateQ31
                0x10000000       0x80 ./src/fir_eq_ripp.o
 .bss.inputQ31  0x10000080        0x4 ./src/fir_eq_ripp.o
                0x10000080                inputQ31
 .bss.outputQ31
                0x10000084        0x4 ./src/fir_eq_ripp.o
                0x10000084                outputQ31
 .bss.S         0x10000088        0xc ./src/fir_eq_ripp.o
                0x10000088                S
 .bss.firCoeffsQ31
                0x10000094       0x80 ./src/fir_eq_ripp.o
                0x10000094                firCoeffsQ31
 *(COMMON)
                0x10000114                . = ALIGN (0x4)
                0x10000114                _ebss = .
                [!provide]                PROVIDE (__end_bss_RAM = .)
                [!provide]                PROVIDE (__end_bss_RamLoc32 = .)
                [!provide]                PROVIDE (end = .)

.noinit_RAM2    0x2007c000        0x0
                [!provide]                PROVIDE (__start_noinit_RAM2 = .)
                [!provide]                PROVIDE (__start_noinit_RamAHB32 = .)
 *(.noinit.$RAM2)
 *(.noinit.$RamAHB32)
 *(.noinit.$RAM2.*)
 *(.noinit.$RamAHB32.*)
                0x2007c000                . = ALIGN (0x4)
                [!provide]                PROVIDE (__end_noinit_RAM2 = .)
                [!provide]                PROVIDE (__end_noinit_RamAHB32 = .)

.noinit         0x10000114        0x0
                0x10000114                _noinit = .
                [!provide]                PROVIDE (__start_noinit_RAM = .)
                [!provide]                PROVIDE (__start_noinit_RamLoc32 = .)
 *(.noinit*)
                0x10000114                . = ALIGN (0x4)
                0x10000114                _end_noinit = .
                [!provide]                PROVIDE (__end_noinit_RAM = .)
                [!provide]                PROVIDE (__end_noinit_RamLoc32 = .)
                [!provide]                PROVIDE (_pvHeapStart = DEFINED (__user_heap_base)?__user_heap_base:.)
                0x10008000                PROVIDE (_vStackTop = DEFINED (__user_stack_top)?__user_stack_top:(__top_RamLoc32 - 0x0))
                0xefff74da                PROVIDE (__valid_user_code_checksum = (0x0 - ((((((_vStackTop + (ResetISR + 0x1)) + (NMI_Handler + 0x1)) + (HardFault_Handler + 0x1)) + (DEFINED (MemManage_Handler)?MemManage_Handler:0x0 + 0x1)) + (DEFINED (BusFault_Handler)?BusFault_Handler:0x0 + 0x1)) + (DEFINED (UsageFault_Handler)?UsageFault_Handler:0x0 + 0x1))))
                0x00000000                _image_start = LOADADDR (.text)
                0x00000cb0                _image_end = (LOADADDR (.data) + SIZEOF (.data))
                0x00000cb0                _image_size = (_image_end - _image_start)
OUTPUT(TPL2_FIR_eq_rip.axf elf32-littlearm)
LOAD linker stubs

.debug_info     0x00000000      0xf37
 .debug_info    0x00000000       0xbe ./src/DR_myPINSEL.o
 .debug_info    0x000000be      0x1a4 ./src/MyDR_ADC.o
 .debug_info    0x00000262       0xa4 ./src/MyDR_DAC.o
 .debug_info    0x00000306      0x15c ./src/arm_fir_init_q31.o
 .debug_info    0x00000462      0x213 ./src/arm_fir_q31.o
 .debug_info    0x00000675      0x167 ./src/arm_float_to_q31.o
 .debug_info    0x000007dc      0x27f ./src/cr_startup_lpc175x_6x.o
 .debug_info    0x00000a5b       0x40 ./src/crp.o
 .debug_info    0x00000a9b      0x1c5 ./src/fir_eq_ripp.o
 .debug_info    0x00000c60       0x70 D:\Documentos\TC2\TPL2\lib\libbibliotecaInfoII.a(DR_PLL.o)
 .debug_info    0x00000cd0      0x1c1 D:\Documentos\TC2\TPL2\lib\libbibliotecaInfoII.a(DR_gpio.o)
 .debug_info    0x00000e91       0xa6 D:\Documentos\TC2\TPL2\lib\libbibliotecaInfoII.a(DR_pinsel.o)

.debug_abbrev   0x00000000      0x8a2
 .debug_abbrev  0x00000000       0x94 ./src/DR_myPINSEL.o
 .debug_abbrev  0x00000094      0x112 ./src/MyDR_ADC.o
 .debug_abbrev  0x000001a6       0x83 ./src/MyDR_DAC.o
 .debug_abbrev  0x00000229       0xb9 ./src/arm_fir_init_q31.o
 .debug_abbrev  0x000002e2       0xdb ./src/arm_fir_q31.o
 .debug_abbrev  0x000003bd       0xe6 ./src/arm_float_to_q31.o
 .debug_abbrev  0x000004a3      0x122 ./src/cr_startup_lpc175x_6x.o
 .debug_abbrev  0x000005c5       0x38 ./src/crp.o
 .debug_abbrev  0x000005fd      0x10f ./src/fir_eq_ripp.o
 .debug_abbrev  0x0000070c       0x52 D:\Documentos\TC2\TPL2\lib\libbibliotecaInfoII.a(DR_PLL.o)
 .debug_abbrev  0x0000075e       0xd4 D:\Documentos\TC2\TPL2\lib\libbibliotecaInfoII.a(DR_gpio.o)
 .debug_abbrev  0x00000832       0x70 D:\Documentos\TC2\TPL2\lib\libbibliotecaInfoII.a(DR_pinsel.o)

.debug_aranges  0x00000000      0x200
 .debug_aranges
                0x00000000       0x20 ./src/DR_myPINSEL.o
 .debug_aranges
                0x00000020       0x28 ./src/MyDR_ADC.o
 .debug_aranges
                0x00000048       0x28 ./src/MyDR_DAC.o
 .debug_aranges
                0x00000070       0x20 ./src/arm_fir_init_q31.o
 .debug_aranges
                0x00000090       0x20 ./src/arm_fir_q31.o
 .debug_aranges
                0x000000b0       0x20 ./src/arm_float_to_q31.o
 .debug_aranges
                0x000000d0       0x80 ./src/cr_startup_lpc175x_6x.o
 .debug_aranges
                0x00000150       0x18 ./src/crp.o
 .debug_aranges
                0x00000168       0x20 ./src/fir_eq_ripp.o
 .debug_aranges
                0x00000188       0x20 D:\Documentos\TC2\TPL2\lib\libbibliotecaInfoII.a(DR_PLL.o)
 .debug_aranges
                0x000001a8       0x38 D:\Documentos\TC2\TPL2\lib\libbibliotecaInfoII.a(DR_gpio.o)
 .debug_aranges
                0x000001e0       0x20 D:\Documentos\TC2\TPL2\lib\libbibliotecaInfoII.a(DR_pinsel.o)

.debug_ranges   0x00000000      0x138
 .debug_ranges  0x00000000       0x10 ./src/DR_myPINSEL.o
 .debug_ranges  0x00000010       0x18 ./src/MyDR_ADC.o
 .debug_ranges  0x00000028       0x18 ./src/MyDR_DAC.o
 .debug_ranges  0x00000040       0x10 ./src/arm_fir_init_q31.o
 .debug_ranges  0x00000050       0x10 ./src/arm_fir_q31.o
 .debug_ranges  0x00000060       0x10 ./src/arm_float_to_q31.o
 .debug_ranges  0x00000070       0x70 ./src/cr_startup_lpc175x_6x.o
 .debug_ranges  0x000000e0       0x10 ./src/fir_eq_ripp.o
 .debug_ranges  0x000000f0       0x10 D:\Documentos\TC2\TPL2\lib\libbibliotecaInfoII.a(DR_PLL.o)
 .debug_ranges  0x00000100       0x28 D:\Documentos\TC2\TPL2\lib\libbibliotecaInfoII.a(DR_gpio.o)
 .debug_ranges  0x00000128       0x10 D:\Documentos\TC2\TPL2\lib\libbibliotecaInfoII.a(DR_pinsel.o)

.debug_macro    0x00000000     0x392d
 .debug_macro   0x00000000       0x2d ./src/DR_myPINSEL.o
 .debug_macro   0x0000002d      0xa78 ./src/DR_myPINSEL.o
 .debug_macro   0x00000aa5       0x2e ./src/DR_myPINSEL.o
 .debug_macro   0x00000ad3       0x5e ./src/DR_myPINSEL.o
 .debug_macro   0x00000b31      0x31b ./src/MyDR_ADC.o
 .debug_macro   0x00000e4c       0x10 ./src/MyDR_ADC.o
 .debug_macro   0x00000e5c      0x12e ./src/MyDR_ADC.o
 .debug_macro   0x00000f8a      0x5b3 ./src/MyDR_ADC.o
 .debug_macro   0x0000153d       0xdf ./src/MyDR_ADC.o
 .debug_macro   0x0000161c       0xc4 ./src/MyDR_ADC.o
 .debug_macro   0x000016e0      0x16f ./src/MyDR_ADC.o
 .debug_macro   0x0000184f       0x7c ./src/MyDR_ADC.o
 .debug_macro   0x000018cb       0xb3 ./src/MyDR_ADC.o
 .debug_macro   0x0000197e       0x42 ./src/MyDR_ADC.o
 .debug_macro   0x000019c0       0x43 ./src/MyDR_ADC.o
 .debug_macro   0x00001a03       0x1c ./src/MyDR_ADC.o
 .debug_macro   0x00001a1f       0x22 ./src/MyDR_ADC.o
 .debug_macro   0x00001a41       0x16 ./src/MyDR_ADC.o
 .debug_macro   0x00001a57       0x10 ./src/MyDR_ADC.o
 .debug_macro   0x00001a67      0x130 ./src/MyDR_ADC.o
 .debug_macro   0x00001b97       0x64 ./src/MyDR_ADC.o
 .debug_macro   0x00001bfb      0x172 ./src/MyDR_ADC.o
 .debug_macro   0x00001d6d      0x196 ./src/MyDR_ADC.o
 .debug_macro   0x00001f03       0x76 ./src/MyDR_ADC.o
 .debug_macro   0x00001f79      0x118 ./src/MyDR_ADC.o
 .debug_macro   0x00002091       0x40 ./src/MyDR_ADC.o
 .debug_macro   0x000020d1       0x16 ./src/MyDR_ADC.o
 .debug_macro   0x000020e7       0x16 ./src/MyDR_ADC.o
 .debug_macro   0x000020fd       0x10 ./src/MyDR_ADC.o
 .debug_macro   0x0000210d       0x10 ./src/MyDR_ADC.o
 .debug_macro   0x0000211d       0x10 ./src/MyDR_ADC.o
 .debug_macro   0x0000212d       0x28 ./src/MyDR_ADC.o
 .debug_macro   0x00002155      0x100 ./src/MyDR_ADC.o
 .debug_macro   0x00002255       0x40 ./src/MyDR_ADC.o
 .debug_macro   0x00002295       0x28 ./src/MyDR_ADC.o
 .debug_macro   0x000022bd       0x10 ./src/MyDR_ADC.o
 .debug_macro   0x000022cd       0x1c ./src/MyDR_ADC.o
 .debug_macro   0x000022e9       0x1c ./src/MyDR_ADC.o
 .debug_macro   0x00002305       0x1c ./src/MyDR_ADC.o
 .debug_macro   0x00002321      0x177 ./src/MyDR_DAC.o
 .debug_macro   0x00002498       0xe4 ./src/arm_fir_init_q31.o
 .debug_macro   0x0000257c       0x3c ./src/arm_fir_init_q31.o
 .debug_macro   0x000025b8       0x49 ./src/arm_fir_init_q31.o
 .debug_macro   0x00002601       0x1c ./src/arm_fir_init_q31.o
 .debug_macro   0x0000261d       0xe4 ./src/arm_fir_q31.o
 .debug_macro   0x00002701       0xbc ./src/arm_float_to_q31.o
 .debug_macro   0x000027bd       0x1d ./src/cr_startup_lpc175x_6x.o
 .debug_macro   0x000027da       0x1a ./src/crp.o
 .debug_macro   0x000027f4       0x34 ./src/crp.o
 .debug_macro   0x00002828      0x324 ./src/fir_eq_ripp.o
 .debug_macro   0x00002b4c       0x82 ./src/fir_eq_ripp.o
 .debug_macro   0x00002bce       0x29 D:\Documentos\TC2\TPL2\lib\libbibliotecaInfoII.a(DR_PLL.o)
 .debug_macro   0x00002bf7      0xa66 D:\Documentos\TC2\TPL2\lib\libbibliotecaInfoII.a(DR_PLL.o)
 .debug_macro   0x0000365d      0x112 D:\Documentos\TC2\TPL2\lib\libbibliotecaInfoII.a(DR_PLL.o)
 .debug_macro   0x0000376f       0x29 D:\Documentos\TC2\TPL2\lib\libbibliotecaInfoII.a(DR_gpio.o)
 .debug_macro   0x00003798      0x16c D:\Documentos\TC2\TPL2\lib\libbibliotecaInfoII.a(DR_gpio.o)
 .debug_macro   0x00003904       0x29 D:\Documentos\TC2\TPL2\lib\libbibliotecaInfoII.a(DR_pinsel.o)

.debug_line     0x00000000     0x1fab
 .debug_line    0x00000000      0x158 ./src/DR_myPINSEL.o
 .debug_line    0x00000158      0x699 ./src/MyDR_ADC.o
 .debug_line    0x000007f1      0x293 ./src/MyDR_DAC.o
 .debug_line    0x00000a84      0x2fd ./src/arm_fir_init_q31.o
 .debug_line    0x00000d81      0x394 ./src/arm_fir_q31.o
 .debug_line    0x00001115      0x2ec ./src/arm_float_to_q31.o
 .debug_line    0x00001401      0x15f ./src/cr_startup_lpc175x_6x.o
 .debug_line    0x00001560       0xb1 ./src/crp.o
 .debug_line    0x00001611      0x6f4 ./src/fir_eq_ripp.o
 .debug_line    0x00001d05       0xf0 D:\Documentos\TC2\TPL2\lib\libbibliotecaInfoII.a(DR_PLL.o)
 .debug_line    0x00001df5       0xfc D:\Documentos\TC2\TPL2\lib\libbibliotecaInfoII.a(DR_gpio.o)
 .debug_line    0x00001ef1       0xba D:\Documentos\TC2\TPL2\lib\libbibliotecaInfoII.a(DR_pinsel.o)

.debug_str      0x00000000     0x8ac3
 .debug_str     0x00000000     0x2e71 ./src/DR_myPINSEL.o
                               0x2ea9 (size before relaxing)
 .debug_str     0x00002e71     0x4f47 ./src/MyDR_ADC.o
                               0x7e97 (size before relaxing)
 .debug_str     0x00007db8       0x28 ./src/MyDR_DAC.o
                               0x4be5 (size before relaxing)
 .debug_str     0x00007de0       0x35 ./src/arm_fir_init_q31.o
                               0x5db6 (size before relaxing)
 .debug_str     0x00007e15       0x58 ./src/arm_fir_q31.o
                               0x5de3 (size before relaxing)
 .debug_str     0x00007e6d       0x3b ./src/arm_float_to_q31.o
                               0x5cd2 (size before relaxing)
 .debug_str     0x00007ea8      0x1c2 ./src/cr_startup_lpc175x_6x.o
                               0x2e7d (size before relaxing)
 .debug_str     0x0000806a       0xe9 ./src/crp.o
                               0x2d9e (size before relaxing)
 .debug_str     0x00008153      0x47c ./src/fir_eq_ripp.o
                               0x82c1 (size before relaxing)
 .debug_str     0x000085cf      0x490 D:\Documentos\TC2\TPL2\lib\libbibliotecaInfoII.a(DR_PLL.o)
                               0x32df (size before relaxing)
 .debug_str     0x00008a5f       0x45 D:\Documentos\TC2\TPL2\lib\libbibliotecaInfoII.a(DR_gpio.o)
                               0x3234 (size before relaxing)
 .debug_str     0x00008aa4       0x1f D:\Documentos\TC2\TPL2\lib\libbibliotecaInfoII.a(DR_pinsel.o)
                               0x2ee0 (size before relaxing)

.comment        0x00000000       0xc8
 .comment       0x00000000       0x49 ./src/DR_myPINSEL.o
                                 0x4a (size before relaxing)
 .comment       0x00000049       0x4a ./src/MyDR_ADC.o
 .comment       0x00000049       0x4a ./src/MyDR_DAC.o
 .comment       0x00000049       0x4a ./src/arm_fir_init_q31.o
 .comment       0x00000049       0x4a ./src/arm_fir_q31.o
 .comment       0x00000049       0x4a ./src/arm_float_to_q31.o
 .comment       0x00000049       0x4a ./src/cr_startup_lpc175x_6x.o
 .comment       0x00000049       0x4a ./src/crp.o
 .comment       0x00000049       0x4a ./src/fir_eq_ripp.o
 .comment       0x00000049       0x7f D:\Documentos\TC2\TPL2\lib\libbibliotecaInfoII.a(DR_PLL.o)
                                 0x80 (size before relaxing)
 .comment       0x000000c8       0x80 D:\Documentos\TC2\TPL2\lib\libbibliotecaInfoII.a(DR_gpio.o)
 .comment       0x000000c8       0x80 D:\Documentos\TC2\TPL2\lib\libbibliotecaInfoII.a(DR_pinsel.o)
 .comment       0x000000c8       0x4a c:/nxp/mcuxpressoide_11.6.1_8255/ide/plugins/com.nxp.mcuxpresso.tools.win32_11.6.1.202207200623/tools/bin/../lib/gcc/arm-none-eabi/10.3.1/../../../../arm-none-eabi/lib/thumb/v7-m/nofp\libcr_c.a(memset.o)
 .comment       0x000000c8       0x4a c:/nxp/mcuxpressoide_11.6.1_8255/ide/plugins/com.nxp.mcuxpresso.tools.win32_11.6.1.202207200623/tools/bin/../lib/gcc/arm-none-eabi/10.3.1/../../../../arm-none-eabi/lib/thumb/v7-m/nofp\libcr_c.a(__weak__main.o)
 .comment       0x000000c8       0x4a c:/nxp/mcuxpressoide_11.6.1_8255/ide/plugins/com.nxp.mcuxpresso.tools.win32_11.6.1.202207200623/tools/bin/../lib/gcc/arm-none-eabi/10.3.1/thumb/v7-m/nofp\libcr_eabihelpers.a(float.o)

.ARM.attributes
                0x00000000       0x2b
 .ARM.attributes
                0x00000000       0x2d ./src/DR_myPINSEL.o
 .ARM.attributes
                0x0000002d       0x2d ./src/MyDR_ADC.o
 .ARM.attributes
                0x0000005a       0x2d ./src/MyDR_DAC.o
 .ARM.attributes
                0x00000087       0x2d ./src/arm_fir_init_q31.o
 .ARM.attributes
                0x000000b4       0x2d ./src/arm_fir_q31.o
 .ARM.attributes
                0x000000e1       0x2d ./src/arm_float_to_q31.o
 .ARM.attributes
                0x0000010e       0x2d ./src/cr_startup_lpc175x_6x.o
 .ARM.attributes
                0x0000013b       0x2d ./src/crp.o
 .ARM.attributes
                0x00000168       0x2d ./src/fir_eq_ripp.o
 .ARM.attributes
                0x00000195       0x33 D:\Documentos\TC2\TPL2\lib\libbibliotecaInfoII.a(DR_PLL.o)
 .ARM.attributes
                0x000001c8       0x33 D:\Documentos\TC2\TPL2\lib\libbibliotecaInfoII.a(DR_gpio.o)
 .ARM.attributes
                0x000001fb       0x33 D:\Documentos\TC2\TPL2\lib\libbibliotecaInfoII.a(DR_pinsel.o)
 .ARM.attributes
                0x0000022e       0x2d c:/nxp/mcuxpressoide_11.6.1_8255/ide/plugins/com.nxp.mcuxpresso.tools.win32_11.6.1.202207200623/tools/bin/../lib/gcc/arm-none-eabi/10.3.1/../../../../arm-none-eabi/lib/thumb/v7-m/nofp\libcr_c.a(memset.o)
 .ARM.attributes
                0x0000025b       0x2d c:/nxp/mcuxpressoide_11.6.1_8255/ide/plugins/com.nxp.mcuxpresso.tools.win32_11.6.1.202207200623/tools/bin/../lib/gcc/arm-none-eabi/10.3.1/../../../../arm-none-eabi/lib/thumb/v7-m/nofp\libcr_c.a(__weak__main.o)
 .ARM.attributes
                0x00000288       0x2d c:/nxp/mcuxpressoide_11.6.1_8255/ide/plugins/com.nxp.mcuxpresso.tools.win32_11.6.1.202207200623/tools/bin/../lib/gcc/arm-none-eabi/10.3.1/thumb/v7-m/nofp\libcr_eabihelpers.a(float.o)
 .ARM.attributes
                0x000002b5       0x1b c:/nxp/mcuxpressoide_11.6.1_8255/ide/plugins/com.nxp.mcuxpresso.tools.win32_11.6.1.202207200623/tools/bin/../lib/gcc/arm-none-eabi/10.3.1/thumb/v7-m/nofp\libcr_eabihelpers.a(memcpy.o)

.debug_frame    0x00000000      0x448
 .debug_frame   0x00000000       0x38 ./src/DR_myPINSEL.o
 .debug_frame   0x00000038       0x50 ./src/MyDR_ADC.o
 .debug_frame   0x00000088       0x54 ./src/MyDR_DAC.o
 .debug_frame   0x000000dc       0x34 ./src/arm_fir_init_q31.o
 .debug_frame   0x00000110       0x48 ./src/arm_fir_q31.o
 .debug_frame   0x00000158       0x38 ./src/arm_float_to_q31.o
 .debug_frame   0x00000190      0x170 ./src/cr_startup_lpc175x_6x.o
 .debug_frame   0x00000300       0x30 ./src/fir_eq_ripp.o
 .debug_frame   0x00000330       0x30 D:\Documentos\TC2\TPL2\lib\libbibliotecaInfoII.a(DR_PLL.o)
 .debug_frame   0x00000360       0xb0 D:\Documentos\TC2\TPL2\lib\libbibliotecaInfoII.a(DR_gpio.o)
 .debug_frame   0x00000410       0x38 D:\Documentos\TC2\TPL2\lib\libbibliotecaInfoII.a(DR_pinsel.o)

Cross Reference Table

Symbol                                            File
ADC_IRQHandler                                    ./src/MyDR_ADC.o
ADC_Init                                          ./src/MyDR_ADC.o
                                                  ./src/fir_eq_ripp.o
BOD_IRQHandler                                    ./src/cr_startup_lpc175x_6x.o
BusFault_Handler                                  ./src/cr_startup_lpc175x_6x.o
CANActivity_IRQHandler                            ./src/cr_startup_lpc175x_6x.o
CAN_IRQHandler                                    ./src/cr_startup_lpc175x_6x.o
CRP_WORD                                          ./src/crp.o
DAC_Init                                          ./src/MyDR_DAC.o
                                                  ./src/fir_eq_ripp.o
DAC_SetValue                                      ./src/MyDR_DAC.o
                                                  ./src/MyDR_ADC.o
DMA_IRQHandler                                    ./src/cr_startup_lpc175x_6x.o
DebugMon_Handler                                  ./src/cr_startup_lpc175x_6x.o
EINT0_IRQHandler                                  ./src/cr_startup_lpc175x_6x.o
EINT1_IRQHandler                                  ./src/cr_startup_lpc175x_6x.o
EINT2_IRQHandler                                  ./src/cr_startup_lpc175x_6x.o
EINT3_IRQHandler                                  ./src/cr_startup_lpc175x_6x.o
ENET_IRQHandler                                   ./src/cr_startup_lpc175x_6x.o
GetPIN                                            D:\Documentos\TC2\TPL2\lib\libbibliotecaInfoII.a(DR_gpio.o)
HardFault_Handler                                 ./src/cr_startup_lpc175x_6x.o
I2C0_IRQHandler                                   ./src/cr_startup_lpc175x_6x.o
I2C1_IRQHandler                                   ./src/cr_startup_lpc175x_6x.o
I2C2_IRQHandler                                   ./src/cr_startup_lpc175x_6x.o
I2S_IRQHandler                                    ./src/cr_startup_lpc175x_6x.o
InicializarPLL                                    D:\Documentos\TC2\TPL2\lib\libbibliotecaInfoII.a(DR_PLL.o)
                                                  ./src/fir_eq_ripp.o
IntDefaultHandler                                 ./src/cr_startup_lpc175x_6x.o
MCPWM_IRQHandler                                  ./src/cr_startup_lpc175x_6x.o
MemManage_Handler                                 ./src/cr_startup_lpc175x_6x.o
MySetPINSEL                                       ./src/DR_myPINSEL.o
                                                  ./src/MyDR_ADC.o
NMI_Handler                                       ./src/cr_startup_lpc175x_6x.o
PLL0_IRQHandler                                   ./src/cr_startup_lpc175x_6x.o
PLL1_IRQHandler                                   ./src/cr_startup_lpc175x_6x.o
PWM1_IRQHandler                                   ./src/cr_startup_lpc175x_6x.o
PendSV_Handler                                    ./src/cr_startup_lpc175x_6x.o
QEI_IRQHandler                                    ./src/cr_startup_lpc175x_6x.o
RIT_IRQHandler                                    ./src/cr_startup_lpc175x_6x.o
RTC_IRQHandler                                    ./src/cr_startup_lpc175x_6x.o
ResetISR                                          ./src/cr_startup_lpc175x_6x.o
S                                                 ./src/fir_eq_ripp.o
                                                  ./src/MyDR_ADC.o
SPI_IRQHandler                                    ./src/cr_startup_lpc175x_6x.o
SSP0_IRQHandler                                   ./src/cr_startup_lpc175x_6x.o
SSP1_IRQHandler                                   ./src/cr_startup_lpc175x_6x.o
SVC_Handler                                       ./src/cr_startup_lpc175x_6x.o
SetDIR                                            D:\Documentos\TC2\TPL2\lib\libbibliotecaInfoII.a(DR_gpio.o)
SetMODE                                           D:\Documentos\TC2\TPL2\lib\libbibliotecaInfoII.a(DR_gpio.o)
                                                  ./src/MyDR_DAC.o
SetPIN                                            D:\Documentos\TC2\TPL2\lib\libbibliotecaInfoII.a(DR_gpio.o)
SetPINSEL                                         D:\Documentos\TC2\TPL2\lib\libbibliotecaInfoII.a(DR_pinsel.o)
                                                  ./src/MyDR_DAC.o
SysTick_Handler                                   ./src/cr_startup_lpc175x_6x.o
TIMER0_IRQHandler                                 ./src/cr_startup_lpc175x_6x.o
TIMER1_IRQHandler                                 ./src/cr_startup_lpc175x_6x.o
TIMER2_IRQHandler                                 ./src/cr_startup_lpc175x_6x.o
TIMER3_IRQHandler                                 ./src/cr_startup_lpc175x_6x.o
UART0_IRQHandler                                  ./src/cr_startup_lpc175x_6x.o
UART1_IRQHandler                                  ./src/cr_startup_lpc175x_6x.o
UART2_IRQHandler                                  ./src/cr_startup_lpc175x_6x.o
UART3_IRQHandler                                  ./src/cr_startup_lpc175x_6x.o
USBActivity_IRQHandler                            ./src/cr_startup_lpc175x_6x.o
USB_IRQHandler                                    ./src/cr_startup_lpc175x_6x.o
UsageFault_Handler                                ./src/cr_startup_lpc175x_6x.o
WDT_IRQHandler                                    ./src/cr_startup_lpc175x_6x.o
__aeabi_cdcmpeq                                   c:/nxp/mcuxpressoide_11.6.1_8255/ide/plugins/com.nxp.mcuxpresso.tools.win32_11.6.1.202207200623/tools/bin/../lib/gcc/arm-none-eabi/10.3.1/thumb/v7-m/nofp\libcr_eabihelpers.a(double.o)
__aeabi_cdcmple                                   c:/nxp/mcuxpressoide_11.6.1_8255/ide/plugins/com.nxp.mcuxpresso.tools.win32_11.6.1.202207200623/tools/bin/../lib/gcc/arm-none-eabi/10.3.1/thumb/v7-m/nofp\libcr_eabihelpers.a(double.o)
__aeabi_cdrcmple                                  c:/nxp/mcuxpressoide_11.6.1_8255/ide/plugins/com.nxp.mcuxpresso.tools.win32_11.6.1.202207200623/tools/bin/../lib/gcc/arm-none-eabi/10.3.1/thumb/v7-m/nofp\libcr_eabihelpers.a(double.o)
__aeabi_cfcmpeq                                   c:/nxp/mcuxpressoide_11.6.1_8255/ide/plugins/com.nxp.mcuxpresso.tools.win32_11.6.1.202207200623/tools/bin/../lib/gcc/arm-none-eabi/10.3.1/thumb/v7-m/nofp\libcr_eabihelpers.a(float.o)
__aeabi_cfcmple                                   c:/nxp/mcuxpressoide_11.6.1_8255/ide/plugins/com.nxp.mcuxpresso.tools.win32_11.6.1.202207200623/tools/bin/../lib/gcc/arm-none-eabi/10.3.1/thumb/v7-m/nofp\libcr_eabihelpers.a(float.o)
__aeabi_cfrcmple                                  c:/nxp/mcuxpressoide_11.6.1_8255/ide/plugins/com.nxp.mcuxpresso.tools.win32_11.6.1.202207200623/tools/bin/../lib/gcc/arm-none-eabi/10.3.1/thumb/v7-m/nofp\libcr_eabihelpers.a(float.o)
__aeabi_d2f                                       c:/nxp/mcuxpressoide_11.6.1_8255/ide/plugins/com.nxp.mcuxpresso.tools.win32_11.6.1.202207200623/tools/bin/../lib/gcc/arm-none-eabi/10.3.1/thumb/v7-m/nofp\libcr_eabihelpers.a(double.o)
                                                  ./src/math_helper.o
__aeabi_d2iz                                      c:/nxp/mcuxpressoide_11.6.1_8255/ide/plugins/com.nxp.mcuxpresso.tools.win32_11.6.1.202207200623/tools/bin/../lib/gcc/arm-none-eabi/10.3.1/thumb/v7-m/nofp\libcr_eabihelpers.a(double.o)
                                                  ./src/math_helper.o
__aeabi_d2lz                                      c:/nxp/mcuxpressoide_11.6.1_8255/ide/plugins/com.nxp.mcuxpresso.tools.win32_11.6.1.202207200623/tools/bin/../lib/gcc/arm-none-eabi/10.3.1/thumb/v7-m/nofp\libcr_eabihelpers.a(double.o)
__aeabi_d2uiz                                     c:/nxp/mcuxpressoide_11.6.1_8255/ide/plugins/com.nxp.mcuxpresso.tools.win32_11.6.1.202207200623/tools/bin/../lib/gcc/arm-none-eabi/10.3.1/thumb/v7-m/nofp\libcr_eabihelpers.a(double.o)
__aeabi_d2ulz                                     c:/nxp/mcuxpressoide_11.6.1_8255/ide/plugins/com.nxp.mcuxpresso.tools.win32_11.6.1.202207200623/tools/bin/../lib/gcc/arm-none-eabi/10.3.1/thumb/v7-m/nofp\libcr_eabihelpers.a(double.o)
__aeabi_dadd                                      c:/nxp/mcuxpressoide_11.6.1_8255/ide/plugins/com.nxp.mcuxpresso.tools.win32_11.6.1.202207200623/tools/bin/../lib/gcc/arm-none-eabi/10.3.1/thumb/v7-m/nofp\libcr_eabihelpers.a(double.o)
                                                  c:/nxp/mcuxpressoide_11.6.1_8255/ide/plugins/com.nxp.mcuxpresso.tools.win32_11.6.1.202207200623/tools/bin/../lib/gcc/arm-none-eabi/10.3.1/../../../../arm-none-eabi/lib/thumb/v7-m/nofp\libcr_c.a(log.o)
                                                  ./src/math_helper.o
__aeabi_dcmpeq                                    c:/nxp/mcuxpressoide_11.6.1_8255/ide/plugins/com.nxp.mcuxpresso.tools.win32_11.6.1.202207200623/tools/bin/../lib/gcc/arm-none-eabi/10.3.1/thumb/v7-m/nofp\libcr_eabihelpers.a(double.o)
                                                  c:/nxp/mcuxpressoide_11.6.1_8255/ide/plugins/com.nxp.mcuxpresso.tools.win32_11.6.1.202207200623/tools/bin/../lib/gcc/arm-none-eabi/10.3.1/../../../../arm-none-eabi/lib/thumb/v7-m/nofp\libcr_c.a(frexp.o)
                                                  c:/nxp/mcuxpressoide_11.6.1_8255/ide/plugins/com.nxp.mcuxpresso.tools.win32_11.6.1.202207200623/tools/bin/../lib/gcc/arm-none-eabi/10.3.1/../../../../arm-none-eabi/lib/thumb/v7-m/nofp\libcr_c.a(log.o)
__aeabi_dcmpge                                    c:/nxp/mcuxpressoide_11.6.1_8255/ide/plugins/com.nxp.mcuxpresso.tools.win32_11.6.1.202207200623/tools/bin/../lib/gcc/arm-none-eabi/10.3.1/thumb/v7-m/nofp\libcr_eabihelpers.a(double.o)
__aeabi_dcmpgt                                    c:/nxp/mcuxpressoide_11.6.1_8255/ide/plugins/com.nxp.mcuxpresso.tools.win32_11.6.1.202207200623/tools/bin/../lib/gcc/arm-none-eabi/10.3.1/thumb/v7-m/nofp\libcr_eabihelpers.a(double.o)
                                                  c:/nxp/mcuxpressoide_11.6.1_8255/ide/plugins/com.nxp.mcuxpresso.tools.win32_11.6.1.202207200623/tools/bin/../lib/gcc/arm-none-eabi/10.3.1/../../../../arm-none-eabi/lib/thumb/v7-m/nofp\libcr_c.a(log.o)
__aeabi_dcmple                                    c:/nxp/mcuxpressoide_11.6.1_8255/ide/plugins/com.nxp.mcuxpresso.tools.win32_11.6.1.202207200623/tools/bin/../lib/gcc/arm-none-eabi/10.3.1/thumb/v7-m/nofp\libcr_eabihelpers.a(double.o)
                                                  c:/nxp/mcuxpressoide_11.6.1_8255/ide/plugins/com.nxp.mcuxpresso.tools.win32_11.6.1.202207200623/tools/bin/../lib/gcc/arm-none-eabi/10.3.1/../../../../arm-none-eabi/lib/thumb/v7-m/nofp\libcr_c.a(log.o)
__aeabi_dcmplt                                    c:/nxp/mcuxpressoide_11.6.1_8255/ide/plugins/com.nxp.mcuxpresso.tools.win32_11.6.1.202207200623/tools/bin/../lib/gcc/arm-none-eabi/10.3.1/thumb/v7-m/nofp\libcr_eabihelpers.a(double.o)
__aeabi_dcmpun                                    c:/nxp/mcuxpressoide_11.6.1_8255/ide/plugins/com.nxp.mcuxpresso.tools.win32_11.6.1.202207200623/tools/bin/../lib/gcc/arm-none-eabi/10.3.1/thumb/v7-m/nofp\libcr_eabihelpers.a(double.o)
__aeabi_ddiv                                      c:/nxp/mcuxpressoide_11.6.1_8255/ide/plugins/com.nxp.mcuxpresso.tools.win32_11.6.1.202207200623/tools/bin/../lib/gcc/arm-none-eabi/10.3.1/thumb/v7-m/nofp\libcr_eabihelpers.a(double.o)
                                                  c:/nxp/mcuxpressoide_11.6.1_8255/ide/plugins/com.nxp.mcuxpresso.tools.win32_11.6.1.202207200623/tools/bin/../lib/gcc/arm-none-eabi/10.3.1/../../../../arm-none-eabi/lib/thumb/v7-m/nofp\libcr_c.a(log.o)
__aeabi_dmul                                      c:/nxp/mcuxpressoide_11.6.1_8255/ide/plugins/com.nxp.mcuxpresso.tools.win32_11.6.1.202207200623/tools/bin/../lib/gcc/arm-none-eabi/10.3.1/thumb/v7-m/nofp\libcr_eabihelpers.a(double.o)
                                                  c:/nxp/mcuxpressoide_11.6.1_8255/ide/plugins/com.nxp.mcuxpresso.tools.win32_11.6.1.202207200623/tools/bin/../lib/gcc/arm-none-eabi/10.3.1/../../../../arm-none-eabi/lib/thumb/v7-m/nofp\libcr_c.a(log.o)
                                                  c:/nxp/mcuxpressoide_11.6.1_8255/ide/plugins/com.nxp.mcuxpresso.tools.win32_11.6.1.202207200623/tools/bin/../lib/gcc/arm-none-eabi/10.3.1/../../../../arm-none-eabi/lib/thumb/v7-m/nofp\libcr_c.a(log10.o)
                                                  ./src/math_helper.o
__aeabi_dneg                                      c:/nxp/mcuxpressoide_11.6.1_8255/ide/plugins/com.nxp.mcuxpresso.tools.win32_11.6.1.202207200623/tools/bin/../lib/gcc/arm-none-eabi/10.3.1/thumb/v7-m/nofp\libcr_eabihelpers.a(double.o)
__aeabi_drsub                                     c:/nxp/mcuxpressoide_11.6.1_8255/ide/plugins/com.nxp.mcuxpresso.tools.win32_11.6.1.202207200623/tools/bin/../lib/gcc/arm-none-eabi/10.3.1/thumb/v7-m/nofp\libcr_eabihelpers.a(double.o)
__aeabi_dsub                                      c:/nxp/mcuxpressoide_11.6.1_8255/ide/plugins/com.nxp.mcuxpresso.tools.win32_11.6.1.202207200623/tools/bin/../lib/gcc/arm-none-eabi/10.3.1/thumb/v7-m/nofp\libcr_eabihelpers.a(double.o)
                                                  c:/nxp/mcuxpressoide_11.6.1_8255/ide/plugins/com.nxp.mcuxpresso.tools.win32_11.6.1.202207200623/tools/bin/../lib/gcc/arm-none-eabi/10.3.1/../../../../arm-none-eabi/lib/thumb/v7-m/nofp\libcr_c.a(log.o)
__aeabi_f2d                                       c:/nxp/mcuxpressoide_11.6.1_8255/ide/plugins/com.nxp.mcuxpresso.tools.win32_11.6.1.202207200623/tools/bin/../lib/gcc/arm-none-eabi/10.3.1/thumb/v7-m/nofp\libcr_eabihelpers.a(float.o)
                                                  ./src/math_helper.o
__aeabi_f2iz                                      c:/nxp/mcuxpressoide_11.6.1_8255/ide/plugins/com.nxp.mcuxpresso.tools.win32_11.6.1.202207200623/tools/bin/../lib/gcc/arm-none-eabi/10.3.1/thumb/v7-m/nofp\libcr_eabihelpers.a(float.o)
                                                  ./src/math_helper.o
__aeabi_f2lz                                      c:/nxp/mcuxpressoide_11.6.1_8255/ide/plugins/com.nxp.mcuxpresso.tools.win32_11.6.1.202207200623/tools/bin/../lib/gcc/arm-none-eabi/10.3.1/thumb/v7-m/nofp\libcr_eabihelpers.a(float.o)
                                                  ./src/arm_float_to_q31.o
__aeabi_f2uiz                                     c:/nxp/mcuxpressoide_11.6.1_8255/ide/plugins/com.nxp.mcuxpresso.tools.win32_11.6.1.202207200623/tools/bin/../lib/gcc/arm-none-eabi/10.3.1/thumb/v7-m/nofp\libcr_eabihelpers.a(float.o)
__aeabi_f2ulz                                     c:/nxp/mcuxpressoide_11.6.1_8255/ide/plugins/com.nxp.mcuxpresso.tools.win32_11.6.1.202207200623/tools/bin/../lib/gcc/arm-none-eabi/10.3.1/thumb/v7-m/nofp\libcr_eabihelpers.a(float.o)
__aeabi_fadd                                      c:/nxp/mcuxpressoide_11.6.1_8255/ide/plugins/com.nxp.mcuxpresso.tools.win32_11.6.1.202207200623/tools/bin/../lib/gcc/arm-none-eabi/10.3.1/thumb/v7-m/nofp\libcr_eabihelpers.a(float.o)
                                                  ./src/math_helper.o
__aeabi_fcmpeq                                    c:/nxp/mcuxpressoide_11.6.1_8255/ide/plugins/com.nxp.mcuxpresso.tools.win32_11.6.1.202207200623/tools/bin/../lib/gcc/arm-none-eabi/10.3.1/thumb/v7-m/nofp\libcr_eabihelpers.a(float.o)
                                                  ./src/math_helper.o
__aeabi_fcmpge                                    c:/nxp/mcuxpressoide_11.6.1_8255/ide/plugins/com.nxp.mcuxpresso.tools.win32_11.6.1.202207200623/tools/bin/../lib/gcc/arm-none-eabi/10.3.1/thumb/v7-m/nofp\libcr_eabihelpers.a(float.o)
__aeabi_fcmpgt                                    c:/nxp/mcuxpressoide_11.6.1_8255/ide/plugins/com.nxp.mcuxpresso.tools.win32_11.6.1.202207200623/tools/bin/../lib/gcc/arm-none-eabi/10.3.1/thumb/v7-m/nofp\libcr_eabihelpers.a(float.o)
                                                  ./src/math_helper.o
__aeabi_fcmple                                    c:/nxp/mcuxpressoide_11.6.1_8255/ide/plugins/com.nxp.mcuxpresso.tools.win32_11.6.1.202207200623/tools/bin/../lib/gcc/arm-none-eabi/10.3.1/thumb/v7-m/nofp\libcr_eabihelpers.a(float.o)
__aeabi_fcmplt                                    c:/nxp/mcuxpressoide_11.6.1_8255/ide/plugins/com.nxp.mcuxpresso.tools.win32_11.6.1.202207200623/tools/bin/../lib/gcc/arm-none-eabi/10.3.1/thumb/v7-m/nofp\libcr_eabihelpers.a(float.o)
__aeabi_fcmpun                                    c:/nxp/mcuxpressoide_11.6.1_8255/ide/plugins/com.nxp.mcuxpresso.tools.win32_11.6.1.202207200623/tools/bin/../lib/gcc/arm-none-eabi/10.3.1/thumb/v7-m/nofp\libcr_eabihelpers.a(float.o)
__aeabi_fdiv                                      c:/nxp/mcuxpressoide_11.6.1_8255/ide/plugins/com.nxp.mcuxpresso.tools.win32_11.6.1.202207200623/tools/bin/../lib/gcc/arm-none-eabi/10.3.1/thumb/v7-m/nofp\libcr_eabihelpers.a(float.o)
                                                  ./src/math_helper.o
                                                  ./src/arm_q31_to_float.o
                                                  ./src/MyDR_ADC.o
__aeabi_fmul                                      c:/nxp/mcuxpressoide_11.6.1_8255/ide/plugins/com.nxp.mcuxpresso.tools.win32_11.6.1.202207200623/tools/bin/../lib/gcc/arm-none-eabi/10.3.1/thumb/v7-m/nofp\libcr_eabihelpers.a(float.o)
                                                  ./src/math_helper.o
                                                  ./src/arm_float_to_q31.o
__aeabi_fneg                                      c:/nxp/mcuxpressoide_11.6.1_8255/ide/plugins/com.nxp.mcuxpresso.tools.win32_11.6.1.202207200623/tools/bin/../lib/gcc/arm-none-eabi/10.3.1/thumb/v7-m/nofp\libcr_eabihelpers.a(float.o)
__aeabi_frsub                                     c:/nxp/mcuxpressoide_11.6.1_8255/ide/plugins/com.nxp.mcuxpresso.tools.win32_11.6.1.202207200623/tools/bin/../lib/gcc/arm-none-eabi/10.3.1/thumb/v7-m/nofp\libcr_eabihelpers.a(float.o)
__aeabi_fsub                                      c:/nxp/mcuxpressoide_11.6.1_8255/ide/plugins/com.nxp.mcuxpresso.tools.win32_11.6.1.202207200623/tools/bin/../lib/gcc/arm-none-eabi/10.3.1/thumb/v7-m/nofp\libcr_eabihelpers.a(float.o)
                                                  ./src/math_helper.o
__aeabi_i2d                                       c:/nxp/mcuxpressoide_11.6.1_8255/ide/plugins/com.nxp.mcuxpresso.tools.win32_11.6.1.202207200623/tools/bin/../lib/gcc/arm-none-eabi/10.3.1/thumb/v7-m/nofp\libcr_eabihelpers.a(double.o)
                                                  c:/nxp/mcuxpressoide_11.6.1_8255/ide/plugins/com.nxp.mcuxpresso.tools.win32_11.6.1.202207200623/tools/bin/../lib/gcc/arm-none-eabi/10.3.1/../../../../arm-none-eabi/lib/thumb/v7-m/nofp\libcr_c.a(log.o)
                                                  ./src/math_helper.o
__aeabi_i2f                                       c:/nxp/mcuxpressoide_11.6.1_8255/ide/plugins/com.nxp.mcuxpresso.tools.win32_11.6.1.202207200623/tools/bin/../lib/gcc/arm-none-eabi/10.3.1/thumb/v7-m/nofp\libcr_eabihelpers.a(float.o)
                                                  ./src/arm_q31_to_float.o
__aeabi_l2d                                       c:/nxp/mcuxpressoide_11.6.1_8255/ide/plugins/com.nxp.mcuxpresso.tools.win32_11.6.1.202207200623/tools/bin/../lib/gcc/arm-none-eabi/10.3.1/thumb/v7-m/nofp\libcr_eabihelpers.a(double.o)
__aeabi_l2f                                       c:/nxp/mcuxpressoide_11.6.1_8255/ide/plugins/com.nxp.mcuxpresso.tools.win32_11.6.1.202207200623/tools/bin/../lib/gcc/arm-none-eabi/10.3.1/thumb/v7-m/nofp\libcr_eabihelpers.a(float.o)
__aeabi_lowlevel_memset                           c:/nxp/mcuxpressoide_11.6.1_8255/ide/plugins/com.nxp.mcuxpresso.tools.win32_11.6.1.202207200623/tools/bin/../lib/gcc/arm-none-eabi/10.3.1/thumb/v7-m/nofp\libcr_eabihelpers.a(memcpy.o)
                                                  c:/nxp/mcuxpressoide_11.6.1_8255/ide/plugins/com.nxp.mcuxpresso.tools.win32_11.6.1.202207200623/tools/bin/../lib/gcc/arm-none-eabi/10.3.1/../../../../arm-none-eabi/lib/thumb/v7-m/nofp\libcr_c.a(memset.o)
__aeabi_memclr                                    c:/nxp/mcuxpressoide_11.6.1_8255/ide/plugins/com.nxp.mcuxpresso.tools.win32_11.6.1.202207200623/tools/bin/../lib/gcc/arm-none-eabi/10.3.1/thumb/v7-m/nofp\libcr_eabihelpers.a(memcpy.o)
__aeabi_memclr4                                   c:/nxp/mcuxpressoide_11.6.1_8255/ide/plugins/com.nxp.mcuxpresso.tools.win32_11.6.1.202207200623/tools/bin/../lib/gcc/arm-none-eabi/10.3.1/thumb/v7-m/nofp\libcr_eabihelpers.a(memcpy.o)
__aeabi_memclr8                                   c:/nxp/mcuxpressoide_11.6.1_8255/ide/plugins/com.nxp.mcuxpresso.tools.win32_11.6.1.202207200623/tools/bin/../lib/gcc/arm-none-eabi/10.3.1/thumb/v7-m/nofp\libcr_eabihelpers.a(memcpy.o)
__aeabi_memcpy                                    c:/nxp/mcuxpressoide_11.6.1_8255/ide/plugins/com.nxp.mcuxpresso.tools.win32_11.6.1.202207200623/tools/bin/../lib/gcc/arm-none-eabi/10.3.1/thumb/v7-m/nofp\libcr_eabihelpers.a(memcpy.o)
__aeabi_memcpy4                                   c:/nxp/mcuxpressoide_11.6.1_8255/ide/plugins/com.nxp.mcuxpresso.tools.win32_11.6.1.202207200623/tools/bin/../lib/gcc/arm-none-eabi/10.3.1/thumb/v7-m/nofp\libcr_eabihelpers.a(memcpy.o)
__aeabi_memcpy8                                   c:/nxp/mcuxpressoide_11.6.1_8255/ide/plugins/com.nxp.mcuxpresso.tools.win32_11.6.1.202207200623/tools/bin/../lib/gcc/arm-none-eabi/10.3.1/thumb/v7-m/nofp\libcr_eabihelpers.a(memcpy.o)
__aeabi_memmove                                   c:/nxp/mcuxpressoide_11.6.1_8255/ide/plugins/com.nxp.mcuxpresso.tools.win32_11.6.1.202207200623/tools/bin/../lib/gcc/arm-none-eabi/10.3.1/thumb/v7-m/nofp\libcr_eabihelpers.a(memcpy.o)
__aeabi_memmove4                                  c:/nxp/mcuxpressoide_11.6.1_8255/ide/plugins/com.nxp.mcuxpresso.tools.win32_11.6.1.202207200623/tools/bin/../lib/gcc/arm-none-eabi/10.3.1/thumb/v7-m/nofp\libcr_eabihelpers.a(memcpy.o)
__aeabi_memmove8                                  c:/nxp/mcuxpressoide_11.6.1_8255/ide/plugins/com.nxp.mcuxpresso.tools.win32_11.6.1.202207200623/tools/bin/../lib/gcc/arm-none-eabi/10.3.1/thumb/v7-m/nofp\libcr_eabihelpers.a(memcpy.o)
__aeabi_memset                                    c:/nxp/mcuxpressoide_11.6.1_8255/ide/plugins/com.nxp.mcuxpresso.tools.win32_11.6.1.202207200623/tools/bin/../lib/gcc/arm-none-eabi/10.3.1/thumb/v7-m/nofp\libcr_eabihelpers.a(memcpy.o)
__aeabi_memset4                                   c:/nxp/mcuxpressoide_11.6.1_8255/ide/plugins/com.nxp.mcuxpresso.tools.win32_11.6.1.202207200623/tools/bin/../lib/gcc/arm-none-eabi/10.3.1/thumb/v7-m/nofp\libcr_eabihelpers.a(memcpy.o)
__aeabi_memset8                                   c:/nxp/mcuxpressoide_11.6.1_8255/ide/plugins/com.nxp.mcuxpresso.tools.win32_11.6.1.202207200623/tools/bin/../lib/gcc/arm-none-eabi/10.3.1/thumb/v7-m/nofp\libcr_eabihelpers.a(memcpy.o)
__aeabi_ui2d                                      c:/nxp/mcuxpressoide_11.6.1_8255/ide/plugins/com.nxp.mcuxpresso.tools.win32_11.6.1.202207200623/tools/bin/../lib/gcc/arm-none-eabi/10.3.1/thumb/v7-m/nofp\libcr_eabihelpers.a(double.o)
__aeabi_ui2f                                      c:/nxp/mcuxpressoide_11.6.1_8255/ide/plugins/com.nxp.mcuxpresso.tools.win32_11.6.1.202207200623/tools/bin/../lib/gcc/arm-none-eabi/10.3.1/thumb/v7-m/nofp\libcr_eabihelpers.a(float.o)
                                                  ./src/math_helper.o
                                                  ./src/MyDR_ADC.o
__aeabi_ul2d                                      c:/nxp/mcuxpressoide_11.6.1_8255/ide/plugins/com.nxp.mcuxpresso.tools.win32_11.6.1.202207200623/tools/bin/../lib/gcc/arm-none-eabi/10.3.1/thumb/v7-m/nofp\libcr_eabihelpers.a(double.o)
__aeabi_ul2f                                      c:/nxp/mcuxpressoide_11.6.1_8255/ide/plugins/com.nxp.mcuxpresso.tools.win32_11.6.1.202207200623/tools/bin/../lib/gcc/arm-none-eabi/10.3.1/thumb/v7-m/nofp\libcr_eabihelpers.a(float.o)
__bhs_ui2d                                        c:/nxp/mcuxpressoide_11.6.1_8255/ide/plugins/com.nxp.mcuxpresso.tools.win32_11.6.1.202207200623/tools/bin/../lib/gcc/arm-none-eabi/10.3.1/thumb/v7-m/nofp\libcr_eabihelpers.a(double.o)
__bhs_ui2f                                        c:/nxp/mcuxpressoide_11.6.1_8255/ide/plugins/com.nxp.mcuxpresso.tools.win32_11.6.1.202207200623/tools/bin/../lib/gcc/arm-none-eabi/10.3.1/thumb/v7-m/nofp\libcr_eabihelpers.a(float.o)
__bhs_ul2d                                        c:/nxp/mcuxpressoide_11.6.1_8255/ide/plugins/com.nxp.mcuxpresso.tools.win32_11.6.1.202207200623/tools/bin/../lib/gcc/arm-none-eabi/10.3.1/thumb/v7-m/nofp\libcr_eabihelpers.a(double.o)
__bhs_ul2f                                        c:/nxp/mcuxpressoide_11.6.1_8255/ide/plugins/com.nxp.mcuxpresso.tools.win32_11.6.1.202207200623/tools/bin/../lib/gcc/arm-none-eabi/10.3.1/thumb/v7-m/nofp\libcr_eabihelpers.a(float.o)
__bss_section_table_end                           ./src/cr_startup_lpc175x_6x.o
__data_section_table                              ./src/cr_startup_lpc175x_6x.o
__data_section_table_end                          ./src/cr_startup_lpc175x_6x.o
__main                                            c:/nxp/mcuxpressoide_11.6.1_8255/ide/plugins/com.nxp.mcuxpresso.tools.win32_11.6.1.202207200623/tools/bin/../lib/gcc/arm-none-eabi/10.3.1/../../../../arm-none-eabi/lib/thumb/v7-m/nofp\libcr_c.a(__weak__main.o)
                                                  ./src/cr_startup_lpc175x_6x.o
__valid_user_code_checksum                        ./src/cr_startup_lpc175x_6x.o
__weak_main                                       c:/nxp/mcuxpressoide_11.6.1_8255/ide/plugins/com.nxp.mcuxpresso.tools.win32_11.6.1.202207200623/tools/bin/../lib/gcc/arm-none-eabi/10.3.1/../../../../arm-none-eabi/lib/thumb/v7-m/nofp\libcr_c.a(__weak__main.o)
_vStackTop                                        ./src/cr_startup_lpc175x_6x.o
arm_apply_guard_bits                              ./src/math_helper.o
arm_calc_2pow                                     ./src/math_helper.o
arm_calc_guard_bits                               ./src/math_helper.o
arm_compare_fixed_q15                             ./src/math_helper.o
arm_compare_fixed_q31                             ./src/math_helper.o
arm_fir_init_q31                                  ./src/arm_fir_init_q31.o
                                                  ./src/fir_eq_ripp.o
arm_fir_q31                                       ./src/arm_fir_q31.o
                                                  ./src/MyDR_ADC.o
arm_float_to_q12_20                               ./src/math_helper.o
arm_float_to_q14                                  ./src/math_helper.o
arm_float_to_q28                                  ./src/math_helper.o
arm_float_to_q29                                  ./src/math_helper.o
arm_float_to_q30                                  ./src/math_helper.o
arm_float_to_q31                                  ./src/arm_float_to_q31.o
                                                  ./src/fir_eq_ripp.o
                                                  ./src/MyDR_ADC.o
arm_provide_guard_bits_q15                        ./src/math_helper.o
arm_provide_guard_bits_q31                        ./src/math_helper.o
arm_provide_guard_bits_q7                         ./src/math_helper.o
arm_q31_to_float                                  ./src/arm_q31_to_float.o
arm_snr_f32                                       ./src/math_helper.o
bss_init                                          ./src/cr_startup_lpc175x_6x.o
data_init                                         ./src/cr_startup_lpc175x_6x.o
errno                                             c:/nxp/mcuxpressoide_11.6.1_8255/ide/plugins/com.nxp.mcuxpresso.tools.win32_11.6.1.202207200623/tools/bin/../lib/gcc/arm-none-eabi/10.3.1/../../../../arm-none-eabi/lib/thumb/v7-m/nofp\libcr_c.a(errno.o)
                                                  c:/nxp/mcuxpressoide_11.6.1_8255/ide/plugins/com.nxp.mcuxpresso.tools.win32_11.6.1.202207200623/tools/bin/../lib/gcc/arm-none-eabi/10.3.1/../../../../arm-none-eabi/lib/thumb/v7-m/nofp\libcr_c.a(log.o)
firCoeffs32                                       ./src/fir_eq_ripp.o
firCoeffsQ31                                      ./src/fir_eq_ripp.o
frexp                                             c:/nxp/mcuxpressoide_11.6.1_8255/ide/plugins/com.nxp.mcuxpresso.tools.win32_11.6.1.202207200623/tools/bin/../lib/gcc/arm-none-eabi/10.3.1/../../../../arm-none-eabi/lib/thumb/v7-m/nofp\libcr_c.a(frexp.o)
                                                  c:/nxp/mcuxpressoide_11.6.1_8255/ide/plugins/com.nxp.mcuxpresso.tools.win32_11.6.1.202207200623/tools/bin/../lib/gcc/arm-none-eabi/10.3.1/../../../../arm-none-eabi/lib/thumb/v7-m/nofp\libcr_c.a(log.o)
g_pfnVectors                                      ./src/cr_startup_lpc175x_6x.o
inputQ31                                          ./src/fir_eq_ripp.o
                                                  ./src/MyDR_ADC.o
log                                               c:/nxp/mcuxpressoide_11.6.1_8255/ide/plugins/com.nxp.mcuxpresso.tools.win32_11.6.1.202207200623/tools/bin/../lib/gcc/arm-none-eabi/10.3.1/../../../../arm-none-eabi/lib/thumb/v7-m/nofp\libcr_c.a(log.o)
                                                  c:/nxp/mcuxpressoide_11.6.1_8255/ide/plugins/com.nxp.mcuxpresso.tools.win32_11.6.1.202207200623/tools/bin/../lib/gcc/arm-none-eabi/10.3.1/../../../../arm-none-eabi/lib/thumb/v7-m/nofp\libcr_c.a(log10.o)
log10                                             c:/nxp/mcuxpressoide_11.6.1_8255/ide/plugins/com.nxp.mcuxpresso.tools.win32_11.6.1.202207200623/tools/bin/../lib/gcc/arm-none-eabi/10.3.1/../../../../arm-none-eabi/lib/thumb/v7-m/nofp\libcr_c.a(log10.o)
                                                  ./src/math_helper.o
main                                              ./src/fir_eq_ripp.o
                                                  c:/nxp/mcuxpressoide_11.6.1_8255/ide/plugins/com.nxp.mcuxpresso.tools.win32_11.6.1.202207200623/tools/bin/../lib/gcc/arm-none-eabi/10.3.1/../../../../arm-none-eabi/lib/thumb/v7-m/nofp\libcr_c.a(__weak__main.o)
memset                                            c:/nxp/mcuxpressoide_11.6.1_8255/ide/plugins/com.nxp.mcuxpresso.tools.win32_11.6.1.202207200623/tools/bin/../lib/gcc/arm-none-eabi/10.3.1/../../../../arm-none-eabi/lib/thumb/v7-m/nofp\libcr_c.a(memset.o)
                                                  ./src/arm_fir_init_q31.o
outputQ31                                         ./src/fir_eq_ripp.o
                                                  ./src/MyDR_ADC.o
refOutput                                         ./src/arm_fir_data.o
testInput_f32_1kHz_15kHz                          ./src/arm_fir_data.o
